------------------------------------------------------------
Timing Analyzer Summary
------------------------------------------------------------

Type  : Slow 1100mV 85C Model Setup 'CLOCK_50'
Slack : -5.559
TNS   : -148.663

Type  : Slow 1100mV 85C Model Hold 'CLOCK_50'
Slack : 0.217
TNS   : 0.000

Type  : Slow 1100mV 85C Model Minimum Pulse Width 'CLOCK_50'
Slack : -0.394
TNS   : -27.989

Type  : Slow 1100mV 0C Model Setup 'CLOCK_50'
Slack : -5.536
TNS   : -146.177

Type  : Slow 1100mV 0C Model Hold 'CLOCK_50'
Slack : 0.201
TNS   : 0.000

Type  : Slow 1100mV 0C Model Minimum Pulse Width 'CLOCK_50'
Slack : -0.394
TNS   : -29.290

Type  : Fast 1100mV 85C Model Setup 'CLOCK_50'
Slack : -2.741
TNS   : -67.268

Type  : Fast 1100mV 85C Model Hold 'CLOCK_50'
Slack : 0.129
TNS   : 0.000

Type  : Fast 1100mV 85C Model Minimum Pulse Width 'CLOCK_50'
Slack : -0.095
TNS   : -4.887

Type  : Fast 1100mV 0C Model Setup 'CLOCK_50'
Slack : -2.479
TNS   : -59.439

Type  : Fast 1100mV 0C Model Hold 'CLOCK_50'
Slack : 0.119
TNS   : 0.000

Type  : Fast 1100mV 0C Model Minimum Pulse Width 'CLOCK_50'
Slack : -0.093
TNS   : -4.803

------------------------------------------------------------
