------------------------------------------------------------
Timing Analyzer Summary
------------------------------------------------------------

Type  : Slow 1100mV 85C Model Setup 'KEY[0]'
Slack : -0.350
TNS   : -1.850

Type  : Slow 1100mV 85C Model Hold 'KEY[0]'
Slack : 0.295
TNS   : 0.000

Type  : Slow 1100mV 85C Model Minimum Pulse Width 'KEY[0]'
Slack : -0.394
TNS   : -3.955

Type  : Slow 1100mV 0C Model Setup 'KEY[0]'
Slack : -0.346
TNS   : -1.521

Type  : Slow 1100mV 0C Model Hold 'KEY[0]'
Slack : 0.316
TNS   : 0.000

Type  : Slow 1100mV 0C Model Minimum Pulse Width 'KEY[0]'
Slack : -0.394
TNS   : -3.936

Type  : Fast 1100mV 85C Model Setup 'KEY[0]'
Slack : 0.228
TNS   : 0.000

Type  : Fast 1100mV 85C Model Hold 'KEY[0]'
Slack : 0.182
TNS   : 0.000

Type  : Fast 1100mV 85C Model Minimum Pulse Width 'KEY[0]'
Slack : -0.319
TNS   : -2.415

Type  : Fast 1100mV 0C Model Setup 'KEY[0]'
Slack : 0.297
TNS   : 0.000

Type  : Fast 1100mV 0C Model Hold 'KEY[0]'
Slack : 0.188
TNS   : 0.000

Type  : Fast 1100mV 0C Model Minimum Pulse Width 'KEY[0]'
Slack : -0.308
TNS   : -2.328

------------------------------------------------------------
